******************************************************************************
             TMS320C2000 Linker PC v18.12.2                    
******************************************************************************
>> Linked Sat Nov  2 09:59:09 2019

OUTPUT FILE NAME:   <LED.out>
ENTRY POINT SYMBOL: "_c_int00"  address: 0000acf3


MEMORY CONFIGURATION

         name            origin    length      used     unused   attr    fill
----------------------  --------  ---------  --------  --------  ----  --------
PAGE 0:
  BEGIN                 00000000   00000002  00000002  00000000  RWIX
  BOOT_RSVD             00000002   0000004e  00000000  0000004e  RWIX
  RAMM0                 00000050   000003b0  00000000  000003b0  RWIX
  RAML                  00008000   00004000  00002f5b  000010a5  RWIX
  ZONE7A                00200000   0000fc00  00000000  0000fc00  RWIX
  CSM_RSVD              0033ff80   00000076  00000000  00000076  RWIX
  CSM_PWL               0033fff8   00000008  00000000  00000008  RWIX
  ADC_CAL               00380080   00000009  00000007  00000002  RWIX
  IQTABLES              003fe000   00000b50  00000000  00000b50  RWIX
  IQTABLES2             003feb50   0000008c  00000000  0000008c  RWIX
  FPUTABLES             003febdc   000006a0  00000000  000006a0  RWIX
  BOOTROM               003ff27c   00000d44  00000000  00000d44  RWIX
  RESET                 003fffc0   00000002  00000000  00000002  RWIX

PAGE 1:
  RAMM                  00000400   00000400  000003e8  00000018  RWIX
  DEV_EMU               00000880   00000180  000000d0  000000b0  RWIX
  FLASH_REGS            00000a80   00000060  00000008  00000058  RWIX
  CSM                   00000ae0   00000010  00000010  00000000  RWIX
  ADC_MIRROR            00000b00   00000010  00000010  00000000  RWIX
  XINTF                 00000b20   00000020  0000001e  00000002  RWIX
  CPU_TIMER0            00000c00   00000008  00000008  00000000  RWIX
  CPU_TIMER1            00000c08   00000008  00000008  00000000  RWIX
  CPU_TIMER2            00000c10   00000008  00000008  00000000  RWIX
  PIE_CTRL              00000ce0   00000020  0000001a  00000006  RWIX
  PIE_VECT              00000d00   00000100  00000100  00000000  RWIX
  DMA                   00001000   00000200  000000e0  00000120  RWIX
  MCBSPA                00005000   00000040  00000025  0000001b  RWIX
  MCBSPB                00005040   00000040  00000025  0000001b  RWIX
  ECANA                 00006000   00000040  00000034  0000000c  RWIX
  ECANA_LAM             00006040   00000040  00000040  00000000  RWIX
  ECANA_MOTS            00006080   00000040  00000040  00000000  RWIX
  ECANA_MOTO            000060c0   00000040  00000040  00000000  RWIX
  ECANA_MBOX            00006100   00000100  00000100  00000000  RWIX
  ECANB                 00006200   00000040  00000034  0000000c  RWIX
  ECANB_LAM             00006240   00000040  00000040  00000000  RWIX
  ECANB_MOTS            00006280   00000040  00000040  00000000  RWIX
  ECANB_MOTO            000062c0   00000040  00000040  00000000  RWIX
  ECANB_MBOX            00006300   00000100  00000100  00000000  RWIX
  EPWM1                 00006800   00000022  00000022  00000000  RWIX
  EPWM2                 00006840   00000022  00000022  00000000  RWIX
  EPWM3                 00006880   00000022  00000022  00000000  RWIX
  EPWM4                 000068c0   00000022  00000022  00000000  RWIX
  EPWM5                 00006900   00000022  00000022  00000000  RWIX
  EPWM6                 00006940   00000022  00000022  00000000  RWIX
  ECAP1                 00006a00   00000020  00000020  00000000  RWIX
  ECAP2                 00006a20   00000020  00000020  00000000  RWIX
  ECAP3                 00006a40   00000020  00000020  00000000  RWIX
  ECAP4                 00006a60   00000020  00000020  00000000  RWIX
  ECAP5                 00006a80   00000020  00000020  00000000  RWIX
  ECAP6                 00006aa0   00000020  00000020  00000000  RWIX
  EQEP1                 00006b00   00000040  00000040  00000000  RWIX
  EQEP2                 00006b40   00000040  00000040  00000000  RWIX
  GPIOCTRL              00006f80   00000040  0000002e  00000012  RWIX
  GPIODAT               00006fc0   00000020  00000020  00000000  RWIX
  GPIOINT               00006fe0   00000020  0000000a  00000016  RWIX
  SYSTEM                00007010   00000020  00000020  00000000  RWIX
  SPIA                  00007040   00000010  00000010  00000000  RWIX
  SCIA                  00007050   00000010  00000010  00000000  RWIX
  XINTRUPT              00007070   00000010  00000010  00000000  RWIX
  ADC                   00007100   00000020  0000001e  00000002  RWIX
  SCIB                  00007750   00000010  00000010  00000000  RWIX
  SCIC                  00007770   00000010  00000010  00000000  RWIX
  I2CA                  00007900   00000040  00000022  0000001e  RWIX
  RAMH                  0000c000   00004000  000001d4  00003e2c  RWIX
  ZONE7B                0020fc00   00000400  00000000  00000400  RWIX
  CSM_PWL               0033fff8   00000008  00000008  00000000  RWIX


SECTION ALLOCATION MAP

 output                                  attributes/
section   page    origin      length       input sections
--------  ----  ----------  ----------   ----------------
codestart 
*          0    00000000    00000002     
                  00000000    00000002     DSP2833x_CodeStartBranch.obj (codestart)

.text      0    00008000    00002e28     
                  00008000    000012ff     LED.obj (.text)
                  000092ff    00001182     LED.obj (.text:retain)
                  0000a481    00000323     DSP2833x_DefaultIsr.obj (.text:retain)
                  0000a7a4    0000014f     LCD12864.obj (.text)
                  0000a8f3    00000137     Cap_Init.obj (.text)
                  0000aa2a    000000fd     Example_EPwmSetup.obj (.text)
                  0000ab27    000000f8     DSP2833x_SysCtrl.obj (.text)
                  0000ac1f    0000007b     DSP2833x_CpuTimers.obj (.text)
                  0000ac9a    00000059     DSP2833x_EPwm.obj (.text)
                  0000acf3    00000056     rts2800_fpu32.lib : boot28.asm.obj (.text)
                  0000ad49    00000029                       : exit.c.obj (.text)
                  0000ad72    00000028     DSP2833x_PieCtrl.obj (.text)
                  0000ad9a    00000024     rts2800_fpu32.lib : cpy_tbl.c.obj (.text)
                  0000adbe    00000020     DSP2833x_PieVect.obj (.text)
                  0000adde    0000001d     rts2800_fpu32.lib : memcpy.c.obj (.text)
                  0000adfb    00000019                       : args_main.c.obj (.text)
                  0000ae14    00000009                       : _lock.c.obj (.text)
                  0000ae1d    00000008     DSP2833x_CodeStartBranch.obj (.text)
                  0000ae25    00000002     rts2800_fpu32.lib : pre_init.c.obj (.text)
                  0000ae27    00000001                       : startup.c.obj (.text)

.cinit     0    0000ae28    0000012f     
                  0000ae28    000000d9     LED.obj (.cinit)
                  0000af01    0000000e     rts2800_fpu32.lib : exit.c.obj (.cinit)
                  0000af0f    0000000c     LED.obj (.cinit:_menu1)
                  0000af1b    0000000c     LED.obj (.cinit:_menu3)
                  0000af27    0000000c     LED.obj (.cinit:_menu4)
                  0000af33    0000000c     LED.obj (.cinit:_menu5)
                  0000af3f    0000000c     LED.obj (.cinit:_menu6)
                  0000af4b    00000005     rts2800_fpu32.lib : _lock.c.obj (.cinit:__lock)
                  0000af50    00000005                       : _lock.c.obj (.cinit:__unlock)
                  0000af55    00000002     --HOLE-- [fill = 0]

ramfuncs   0    0000af57    00000004     
                  0000af57    00000004     DSP2833x_usDelay.obj (ramfuncs)

DevEmuRegsFile 
*          1    00000880    000000d0     UNINITIALIZED
                  00000880    000000d0     DSP2833x_GlobalVariableDefs.obj (DevEmuRegsFile)

FlashRegsFile 
*          1    00000a80    00000008     UNINITIALIZED
                  00000a80    00000008     DSP2833x_GlobalVariableDefs.obj (FlashRegsFile)

CsmRegsFile 
*          1    00000ae0    00000010     UNINITIALIZED
                  00000ae0    00000010     DSP2833x_GlobalVariableDefs.obj (CsmRegsFile)

AdcMirrorFile 
*          1    00000b00    00000010     UNINITIALIZED
                  00000b00    00000010     DSP2833x_GlobalVariableDefs.obj (AdcMirrorFile)

XintfRegsFile 
*          1    00000b20    0000001e     UNINITIALIZED
                  00000b20    0000001e     DSP2833x_GlobalVariableDefs.obj (XintfRegsFile)

CpuTimer0RegsFile 
*          1    00000c00    00000008     UNINITIALIZED
                  00000c00    00000008     DSP2833x_GlobalVariableDefs.obj (CpuTimer0RegsFile)

CpuTimer1RegsFile 
*          1    00000c08    00000008     UNINITIALIZED
                  00000c08    00000008     DSP2833x_GlobalVariableDefs.obj (CpuTimer1RegsFile)

CpuTimer2RegsFile 
*          1    00000c10    00000008     UNINITIALIZED
                  00000c10    00000008     DSP2833x_GlobalVariableDefs.obj (CpuTimer2RegsFile)

PieCtrlRegsFile 
*          1    00000ce0    0000001a     UNINITIALIZED
                  00000ce0    0000001a     DSP2833x_GlobalVariableDefs.obj (PieCtrlRegsFile)

PieVectTableFile 
*          1    00000d00    00000100     UNINITIALIZED
                  00000d00    00000100     DSP2833x_GlobalVariableDefs.obj (PieVectTableFile)

DmaRegsFile 
*          1    00001000    000000e0     UNINITIALIZED
                  00001000    000000e0     DSP2833x_GlobalVariableDefs.obj (DmaRegsFile)

McbspaRegsFile 
*          1    00005000    00000025     UNINITIALIZED
                  00005000    00000025     DSP2833x_GlobalVariableDefs.obj (McbspaRegsFile)

McbspbRegsFile 
*          1    00005040    00000025     UNINITIALIZED
                  00005040    00000025     DSP2833x_GlobalVariableDefs.obj (McbspbRegsFile)

ECanaRegsFile 
*          1    00006000    00000034     UNINITIALIZED
                  00006000    00000034     DSP2833x_GlobalVariableDefs.obj (ECanaRegsFile)

ECanaLAMRegsFile 
*          1    00006040    00000040     UNINITIALIZED
                  00006040    00000040     DSP2833x_GlobalVariableDefs.obj (ECanaLAMRegsFile)

ECanaMOTSRegsFile 
*          1    00006080    00000040     UNINITIALIZED
                  00006080    00000040     DSP2833x_GlobalVariableDefs.obj (ECanaMOTSRegsFile)

ECanaMOTORegsFile 
*          1    000060c0    00000040     UNINITIALIZED
                  000060c0    00000040     DSP2833x_GlobalVariableDefs.obj (ECanaMOTORegsFile)

ECanaMboxesFile 
*          1    00006100    00000100     UNINITIALIZED
                  00006100    00000100     DSP2833x_GlobalVariableDefs.obj (ECanaMboxesFile)

ECanbRegsFile 
*          1    00006200    00000034     UNINITIALIZED
                  00006200    00000034     DSP2833x_GlobalVariableDefs.obj (ECanbRegsFile)

ECanbLAMRegsFile 
*          1    00006240    00000040     UNINITIALIZED
                  00006240    00000040     DSP2833x_GlobalVariableDefs.obj (ECanbLAMRegsFile)

ECanbMOTSRegsFile 
*          1    00006280    00000040     UNINITIALIZED
                  00006280    00000040     DSP2833x_GlobalVariableDefs.obj (ECanbMOTSRegsFile)

ECanbMOTORegsFile 
*          1    000062c0    00000040     UNINITIALIZED
                  000062c0    00000040     DSP2833x_GlobalVariableDefs.obj (ECanbMOTORegsFile)

ECanbMboxesFile 
*          1    00006300    00000100     UNINITIALIZED
                  00006300    00000100     DSP2833x_GlobalVariableDefs.obj (ECanbMboxesFile)

EPwm1RegsFile 
*          1    00006800    00000022     UNINITIALIZED
                  00006800    00000022     DSP2833x_GlobalVariableDefs.obj (EPwm1RegsFile)

EPwm2RegsFile 
*          1    00006840    00000022     UNINITIALIZED
                  00006840    00000022     DSP2833x_GlobalVariableDefs.obj (EPwm2RegsFile)

EPwm3RegsFile 
*          1    00006880    00000022     UNINITIALIZED
                  00006880    00000022     DSP2833x_GlobalVariableDefs.obj (EPwm3RegsFile)

EPwm4RegsFile 
*          1    000068c0    00000022     UNINITIALIZED
                  000068c0    00000022     DSP2833x_GlobalVariableDefs.obj (EPwm4RegsFile)

EPwm5RegsFile 
*          1    00006900    00000022     UNINITIALIZED
                  00006900    00000022     DSP2833x_GlobalVariableDefs.obj (EPwm5RegsFile)

EPwm6RegsFile 
*          1    00006940    00000022     UNINITIALIZED
                  00006940    00000022     DSP2833x_GlobalVariableDefs.obj (EPwm6RegsFile)

ECap1RegsFile 
*          1    00006a00    00000020     UNINITIALIZED
                  00006a00    00000020     DSP2833x_GlobalVariableDefs.obj (ECap1RegsFile)

ECap2RegsFile 
*          1    00006a20    00000020     UNINITIALIZED
                  00006a20    00000020     DSP2833x_GlobalVariableDefs.obj (ECap2RegsFile)

ECap3RegsFile 
*          1    00006a40    00000020     UNINITIALIZED
                  00006a40    00000020     DSP2833x_GlobalVariableDefs.obj (ECap3RegsFile)

ECap4RegsFile 
*          1    00006a60    00000020     UNINITIALIZED
                  00006a60    00000020     DSP2833x_GlobalVariableDefs.obj (ECap4RegsFile)

ECap5RegsFile 
*          1    00006a80    00000020     UNINITIALIZED
                  00006a80    00000020     DSP2833x_GlobalVariableDefs.obj (ECap5RegsFile)

ECap6RegsFile 
*          1    00006aa0    00000020     UNINITIALIZED
                  00006aa0    00000020     DSP2833x_GlobalVariableDefs.obj (ECap6RegsFile)

EQep1RegsFile 
*          1    00006b00    00000040     UNINITIALIZED
                  00006b00    00000040     DSP2833x_GlobalVariableDefs.obj (EQep1RegsFile)

EQep2RegsFile 
*          1    00006b40    00000040     UNINITIALIZED
                  00006b40    00000040     DSP2833x_GlobalVariableDefs.obj (EQep2RegsFile)

GpioCtrlRegsFile 
*          1    00006f80    0000002e     UNINITIALIZED
                  00006f80    0000002e     DSP2833x_GlobalVariableDefs.obj (GpioCtrlRegsFile)

GpioDataRegsFile 
*          1    00006fc0    00000020     UNINITIALIZED
                  00006fc0    00000020     DSP2833x_GlobalVariableDefs.obj (GpioDataRegsFile)

GpioIntRegsFile 
*          1    00006fe0    0000000a     UNINITIALIZED
                  00006fe0    0000000a     DSP2833x_GlobalVariableDefs.obj (GpioIntRegsFile)

SysCtrlRegsFile 
*          1    00007010    00000020     UNINITIALIZED
                  00007010    00000020     DSP2833x_GlobalVariableDefs.obj (SysCtrlRegsFile)

SpiaRegsFile 
*          1    00007040    00000010     UNINITIALIZED
                  00007040    00000010     DSP2833x_GlobalVariableDefs.obj (SpiaRegsFile)

SciaRegsFile 
*          1    00007050    00000010     UNINITIALIZED
                  00007050    00000010     DSP2833x_GlobalVariableDefs.obj (SciaRegsFile)

XIntruptRegsFile 
*          1    00007070    00000010     UNINITIALIZED
                  00007070    00000010     DSP2833x_GlobalVariableDefs.obj (XIntruptRegsFile)

AdcRegsFile 
*          1    00007100    0000001e     UNINITIALIZED
                  00007100    0000001e     DSP2833x_GlobalVariableDefs.obj (AdcRegsFile)

ScibRegsFile 
*          1    00007750    00000010     UNINITIALIZED
                  00007750    00000010     DSP2833x_GlobalVariableDefs.obj (ScibRegsFile)

ScicRegsFile 
*          1    00007770    00000010     UNINITIALIZED
                  00007770    00000010     DSP2833x_GlobalVariableDefs.obj (ScicRegsFile)

I2caRegsFile 
*          1    00007900    00000022     UNINITIALIZED
                  00007900    00000022     DSP2833x_GlobalVariableDefs.obj (I2caRegsFile)

CsmPwlFile 
*          1    0033fff8    00000008     UNINITIALIZED
                  0033fff8    00000008     DSP2833x_GlobalVariableDefs.obj (CsmPwlFile)

.pinit     0    00008000    00000000     UNINITIALIZED

.stack     1    00000400    000003e8     UNINITIALIZED
                  00000400    000003e8     --HOLE--

.econst    1    0000c000    00000114     
                  0000c000    00000100     DSP2833x_PieVect.obj (.econst:_PieVectTableInit)
                  0000c100    00000014     LCD12864.obj (.econst:_$P$T0$1)

.ebss      1    0000c114    000000c0     UNINITIALIZED
                  0000c114    00000018     DSP2833x_CpuTimers.obj (.ebss)
                  0000c12c    00000009     LED.obj (.ebss:_menu1)
                  0000c135    00000009     LED.obj (.ebss:_menu3)
                  0000c13e    00000002     rts2800_fpu32.lib : _lock.c.obj (.ebss:__lock)
                  0000c140    00000070     LED.obj (.ebss)
                  0000c1b0    00000009     LED.obj (.ebss:_menu4)
                  0000c1b9    00000001     --HOLE--
                  0000c1ba    00000006     rts2800_fpu32.lib : exit.c.obj (.ebss)
                  0000c1c0    00000009     LED.obj (.ebss:_menu5)
                  0000c1c9    00000009     LED.obj (.ebss:_menu6)
                  0000c1d2    00000002     rts2800_fpu32.lib : _lock.c.obj (.ebss:__unlock)

.reset     0    003fffc0    00000002     DSECT
                  003fffc0    00000002     rts2800_fpu32.lib : boot28.asm.obj (.reset)

csm_rsvd   0    0033ff80    00000000     DSECT

csmpasswds 
*          0    0033fff8    00000000     DSECT

.adc_cal   0    00380080    00000007     NOLOAD SECTION
                  00380080    00000007     DSP2833x_ADC_cal.obj (.adc_cal)

MODULE SUMMARY

       Module                            code    initialized data   uninitialized data
       ------                            ----    ----------------   ------------------
    .\SRC\
       LED.obj                           9345    277                157               
       DSP2833x_GlobalVariableDefs.obj   0       0                  2678              
       DSP2833x_DefaultIsr.obj           803     0                  0                 
       LCD12864.obj                      335     20                 0                 
       Cap_Init.obj                      311     0                  0                 
       DSP2833x_PieVect.obj              32      256                0                 
       Example_EPwmSetup.obj             253     0                  0                 
       DSP2833x_SysCtrl.obj              248     0                  0                 
       DSP2833x_CpuTimers.obj            123     0                  24                
       DSP2833x_EPwm.obj                 89      0                  0                 
       DSP2833x_PieCtrl.obj              40      0                  0                 
       DSP2833x_CodeStartBranch.obj      10      0                  0                 
       DSP2833x_ADC_cal.obj              7       0                  0                 
       DSP2833x_usDelay.obj              4       0                  0                 
    +--+---------------------------------+-------+------------------+--------------------+
       Total:                            11600   553                2859              
                                                                                      
    D:/ti/ccs910/ccs/tools/compiler/ti-cgt-c2000_18.12.2.LTS/lib/rts2800_fpu32.lib
       boot28.asm.obj                    86      0                  0                 
       exit.c.obj                        41      14                 6                 
       cpy_tbl.c.obj                     36      0                  0                 
       memcpy.c.obj                      29      0                  0                 
       args_main.c.obj                   25      0                  0                 
       _lock.c.obj                       9       10                 4                 
       pre_init.c.obj                    2       0                  0                 
       startup.c.obj                     1       0                  0                 
    +--+---------------------------------+-------+------------------+--------------------+
       Total:                            229     24                 10                
                                                                                      
       Stack:                            0       0                  1000              
    +--+---------------------------------+-------+------------------+--------------------+
       Grand Total:                      11829   577                3869              


GLOBAL DATA SYMBOLS: SORTED BY DATA PAGE

address     data page           name
--------    ----------------    ----
00000400      10 (00000400)     __stack

00000880      22 (00000880)     _DevEmuRegs

00000a80      2a (00000a80)     _FlashRegs

00000ae0      2b (00000ac0)     _CsmRegs

00000b00      2c (00000b00)     _AdcMirror
00000b20      2c (00000b00)     _XintfRegs

00000c00      30 (00000c00)     _CpuTimer0Regs
00000c08      30 (00000c00)     _CpuTimer1Regs
00000c10      30 (00000c00)     _CpuTimer2Regs

00000ce0      33 (00000cc0)     _PieCtrlRegs

00000d00      34 (00000d00)     _PieVectTable

00001000      40 (00001000)     _DmaRegs

00005000     140 (00005000)     _McbspaRegs

00005040     141 (00005040)     _McbspbRegs

00006000     180 (00006000)     _ECanaRegs

00006040     181 (00006040)     _ECanaLAMRegs

00006080     182 (00006080)     _ECanaMOTSRegs

000060c0     183 (000060c0)     _ECanaMOTORegs

00006100     184 (00006100)     _ECanaMboxes

00006200     188 (00006200)     _ECanbRegs

00006240     189 (00006240)     _ECanbLAMRegs

00006280     18a (00006280)     _ECanbMOTSRegs

000062c0     18b (000062c0)     _ECanbMOTORegs

00006300     18c (00006300)     _ECanbMboxes

00006800     1a0 (00006800)     _EPwm1Regs

00006840     1a1 (00006840)     _EPwm2Regs

00006880     1a2 (00006880)     _EPwm3Regs

000068c0     1a3 (000068c0)     _EPwm4Regs

00006900     1a4 (00006900)     _EPwm5Regs

00006940     1a5 (00006940)     _EPwm6Regs

00006a00     1a8 (00006a00)     _ECap1Regs
00006a20     1a8 (00006a00)     _ECap2Regs

00006a40     1a9 (00006a40)     _ECap3Regs
00006a60     1a9 (00006a40)     _ECap4Regs

00006a80     1aa (00006a80)     _ECap5Regs
00006aa0     1aa (00006a80)     _ECap6Regs

00006b00     1ac (00006b00)     _EQep1Regs

00006b40     1ad (00006b40)     _EQep2Regs

00006f80     1be (00006f80)     _GpioCtrlRegs

00006fc0     1bf (00006fc0)     _GpioDataRegs
00006fe0     1bf (00006fc0)     _GpioIntRegs

00007010     1c0 (00007000)     _SysCtrlRegs

00007040     1c1 (00007040)     _SpiaRegs
00007050     1c1 (00007040)     _SciaRegs
00007070     1c1 (00007040)     _XIntruptRegs

00007100     1c4 (00007100)     _AdcRegs

00007750     1dd (00007740)     _ScibRegs
00007770     1dd (00007740)     _ScicRegs

00007900     1e4 (00007900)     _I2caRegs

0000c000     300 (0000c000)     _PieVectTableInit

0000c114     304 (0000c100)     _CpuTimer0
0000c11c     304 (0000c100)     _CpuTimer1
0000c124     304 (0000c100)     _CpuTimer2
0000c12c     304 (0000c100)     _menu1
0000c135     304 (0000c100)     _menu3
0000c13e     304 (0000c100)     __lock

0000c140     305 (0000c140)     _direction_control
0000c141     305 (0000c140)     _dccurent
0000c142     305 (0000c140)     _dcccount
0000c143     305 (0000c140)     _Averagedcc
0000c144     305 (0000c140)     _dcvoltage
0000c145     305 (0000c140)     _pwm
0000c146     305 (0000c140)     _Speedset
0000c147     305 (0000c140)     _ek
0000c148     305 (0000c140)     _ek1
0000c149     305 (0000c140)     _ek2
0000c14a     305 (0000c140)     _du
0000c14b     305 (0000c140)     _j
0000c14c     305 (0000c140)     _k
0000c14d     305 (0000c140)     _Speed
0000c14e     305 (0000c140)     _l
0000c14f     305 (0000c140)     _nn
0000c150     305 (0000c140)     _i
0000c151     305 (0000c140)     _dcvcount
0000c152     305 (0000c140)     _Averagedcv
0000c153     305 (0000c140)     _yy
0000c154     305 (0000c140)     _h1
0000c155     305 (0000c140)     _h2
0000c156     305 (0000c140)     _h3
0000c157     305 (0000c140)     _d
0000c158     305 (0000c140)     _v1
0000c159     305 (0000c140)     _v2
0000c15a     305 (0000c140)     _v3
0000c15b     305 (0000c140)     _v4
0000c15c     305 (0000c140)     _v5
0000c15d     305 (0000c140)     _v6
0000c15e     305 (0000c140)     _td
0000c15f     305 (0000c140)     _two_three_charge
0000c160     305 (0000c140)     _start_flag
0000c162     305 (0000c140)     _ExRamStart
0000c164     305 (0000c140)     _t1
0000c166     305 (0000c140)     _t2
0000c168     305 (0000c140)     _t3
0000c16a     305 (0000c140)     _t4
0000c16c     305 (0000c140)     _T1
0000c16e     305 (0000c140)     _T2
0000c170     305 (0000c140)     _t5
0000c172     305 (0000c140)     _t6
0000c174     305 (0000c140)     _t7
0000c176     305 (0000c140)     _t8
0000c178     305 (0000c140)     _T3
0000c17a     305 (0000c140)     _T4
0000c17c     305 (0000c140)     _Sumdcc
0000c17e     305 (0000c140)     _Sumdcv

0000c180     306 (0000c180)     _count
0000c182     306 (0000c180)     _cong1
0000c184     306 (0000c180)     _SumTime
0000c186     306 (0000c180)     _Time
0000c188     306 (0000c180)     _kp
0000c18a     306 (0000c180)     _ki
0000c18c     306 (0000c180)     _kd
0000c18e     306 (0000c180)     _duk
0000c190     306 (0000c180)     _SUM
0000c192     306 (0000c180)     _wc
0000c194     306 (0000c180)     _wo
0000c196     306 (0000c180)     _b1
0000c198     306 (0000c180)     _b2
0000c19a     306 (0000c180)     _b3
0000c19c     306 (0000c180)     _t
0000c19e     306 (0000c180)     _z1
0000c1a0     306 (0000c180)     _z2
0000c1a2     306 (0000c180)     _z3
0000c1a4     306 (0000c180)     _e
0000c1a6     306 (0000c180)     _b0
0000c1a8     306 (0000c180)     _u1
0000c1aa     306 (0000c180)     _u2
0000c1ac     306 (0000c180)     _u0
0000c1ae     306 (0000c180)     _u3
0000c1b0     306 (0000c180)     _menu4
0000c1ba     306 (0000c180)     ___TI_enable_exit_profile_output
0000c1bc     306 (0000c180)     ___TI_cleanup_ptr
0000c1be     306 (0000c180)     ___TI_dtors_ptr

0000c1c0     307 (0000c1c0)     _menu5
0000c1c9     307 (0000c1c0)     _menu6
0000c1d2     307 (0000c1c0)     __unlock

0033fff8    cfff (0033ffc0)     _CsmPwl


GLOBAL SYMBOLS: SORTED ALPHABETICALLY BY Name 

page  address   name                            
----  -------   ----                            
0     00008000  .text                           
0     0000ad49  C$$EXIT                         
0     0000a567  _ADCINT_ISR                     
0     00380080  _ADC_cal                        
1     00000b00  _AdcMirror                      
1     00007100  _AdcRegs                        
1     0000c143  _Averagedcc                     
1     0000c152  _Averagedcv                     
0     0000a906  _ChoseCap                       
0     0000ac60  _ConfigCpuTimer                 
1     0000c114  _CpuTimer0                      
1     00000c00  _CpuTimer0Regs                  
1     0000c11c  _CpuTimer1                      
1     00000c08  _CpuTimer1Regs                  
1     0000c124  _CpuTimer2                      
1     00000c10  _CpuTimer2Regs                  
1     0033fff8  _CsmPwl                         
1     00000ae0  _CsmRegs                        
0     0000abee  _CsmUnlock                      
0     0000a495  _DATALOG_ISR                    
0     0000a689  _DINTCH1_ISR                    
0     0000a693  _DINTCH2_ISR                    
0     0000a69d  _DINTCH3_ISR                    
0     0000a6a7  _DINTCH4_ISR                    
0     0000a6b1  _DINTCH5_ISR                    
0     0000a6bb  _DINTCH6_ISR                    
0     0000af57  _DSP28x_usDelay                 
1     00000880  _DevEmuRegs                     
0     0000a885  _DisDec                         
0     0000ab3a  _DisableDog                     
1     00001000  _DmaRegs                        
0     0000a715  _ECAN0INTA_ISR                  
0     0000a729  _ECAN0INTB_ISR                  
0     0000a71f  _ECAN1INTA_ISR                  
0     0000a733  _ECAN1INTB_ISR                  
0     0000a5fd  _ECAP1_INT_ISR                  
0     0000a607  _ECAP2_INT_ISR                  
0     0000a611  _ECAP3_INT_ISR                  
0     0000a61b  _ECAP4_INT_ISR                  
0     0000a625  _ECAP5_INT_ISR                  
0     0000a62f  _ECAP6_INT_ISR                  
1     00006040  _ECanaLAMRegs                   
1     000060c0  _ECanaMOTORegs                  
1     00006080  _ECanaMOTSRegs                  
1     00006100  _ECanaMboxes                    
1     00006000  _ECanaRegs                      
1     00006240  _ECanbLAMRegs                   
1     000062c0  _ECanbMOTORegs                  
1     00006280  _ECanbMOTSRegs                  
1     00006300  _ECanbMboxes                    
1     00006200  _ECanbRegs                      
1     00006a00  _ECap1Regs                      
1     00006a20  _ECap2Regs                      
1     00006a40  _ECap3Regs                      
1     00006a60  _ECap4Regs                      
1     00006a80  _ECap5Regs                      
1     00006aa0  _ECap6Regs                      
0     0000a783  _EMPTY_ISR                      
0     0000a4a9  _EMUINT_ISR                     
0     0000a5c1  _EPWM1_INT_ISR                  
0     0000a585  _EPWM1_TZINT_ISR                
0     0000a5cb  _EPWM2_INT_ISR                  
0     0000a58f  _EPWM2_TZINT_ISR                
0     0000a5d5  _EPWM3_INT_ISR                  
0     0000a599  _EPWM3_TZINT_ISR                
0     0000a5df  _EPWM4_INT_ISR                  
0     0000a5a3  _EPWM4_TZINT_ISR                
0     0000a5e9  _EPWM5_INT_ISR                  
0     0000a5ad  _EPWM5_TZINT_ISR                
0     0000a5f3  _EPWM6_INT_ISR                  
0     0000a5b7  _EPWM6_TZINT_ISR                
1     00006800  _EPwm1Regs                      
1     00006840  _EPwm2Regs                      
1     00006880  _EPwm3Regs                      
1     000068c0  _EPwm4Regs                      
1     00006900  _EPwm5Regs                      
1     00006940  _EPwm6Regs                      
0     0000aa2a  _EPwmSetup                      
0     0000a639  _EQEP1_INT_ISR                  
0     0000a643  _EQEP2_INT_ISR                  
1     00006b00  _EQep1Regs                      
1     00006b40  _EQep2Regs                      
0     0000ad91  _EnableInterrupts               
1     0000c162  _ExRamStart                     
1     00000a80  _FlashRegs                      
1     00006f80  _GpioCtrlRegs                   
1     00006fc0  _GpioDataRegs                   
1     00006fe0  _GpioIntRegs                    
0     0000a6c5  _I2CINT1A_ISR                   
0     0000a6cf  _I2CINT2A_ISR                   
1     00007900  _I2caRegs                       
0     0000a4bd  _ILLEGAL_ISR                    
0     0000a481  _INT13_ISR                      
0     0000a48b  _INT14_ISR                      
0     00009321  _ISRCap1                        
0     0000a45b  _ISRCap2                        
0     000092ff  _ISRTimer0                      
0     0000a8f3  _InitCapl                       
0     0000ac1f  _InitCpuTimers                  
0     0000a91e  _InitECap1Gpio                  
0     0000a92c  _InitECap2Gpio                  
0     0000a93a  _InitECap3Gpio                  
0     0000a948  _InitECap4Gpio                  
0     0000a956  _InitECap5Gpio                  
0     0000a964  _InitECap6Gpio                  
0     0000a911  _InitECapGpio                   
0     0000ac9a  _InitEPwm                       
0     0000aca8  _InitEPwm1Gpio                  
0     0000acba  _InitEPwm2Gpio                  
0     0000accc  _InitEPwm3Gpio                  
0     0000ace0  _InitEPwm4Gpio                  
0     0000ace4  _InitEPwm5Gpio                  
0     0000ace8  _InitEPwm6Gpio                  
0     0000ac9b  _InitEPwmGpio                   
0     0000acec  _InitEPwmSyncGpio               
0     0000ab93  _InitPeripheralClocks           
0     0000ad72  _InitPieCtrl                    
0     0000adbe  _InitPieVectTable               
0     0000ab42  _InitPll                        
0     0000ab27  _InitSysCtrl                    
0     0000acef  _InitTzGpio                     
0     0000a7c3  _LCDInit                        
0     0000a7a4  _LCD_DATA                       
0     0000a779  _LUF_ISR                        
0     0000a76f  _LVF_ISR                        
0     0000a675  _MRINTA_ISR                     
0     0000a661  _MRINTB_ISR                     
0     0000a67f  _MXINTA_ISR                     
0     0000a66b  _MXINTB_ISR                     
1     00005000  _McbspaRegs                     
1     00005040  _McbspbRegs                     
0     0000a4b3  _NMI_ISR                        
0     0000a790  _PIE_RESERVED                   
1     00000ce0  _PieCtrlRegs                    
1     00000d00  _PieVectTable                   
1     0000c000  _PieVectTableInit               
0     0000a49f  _RTOSINT_ISR                    
0     0000a6ed  _SCIRXINTA_ISR                  
0     0000a701  _SCIRXINTB_ISR                  
0     0000a6d9  _SCIRXINTC_ISR                  
0     0000a6f7  _SCITXINTA_ISR                  
0     0000a70b  _SCITXINTB_ISR                  
0     0000a6e3  _SCITXINTC_ISR                  
0     0000a53f  _SEQ1INT_ISR                    
0     0000a549  _SEQ2INT_ISR                    
0     0000a64d  _SPIRXINTA_ISR                  
0     0000a657  _SPITXINTA_ISR                  
1     0000c190  _SUM                            
1     00007050  _SciaRegs                       
1     00007750  _ScibRegs                       
1     00007770  _ScicRegs                       
0     0000ab30  _ServiceDog                     
0     0000a972  _SetCap1Mode                    
0     0000a9a0  _SetCap2Mode                    
0     0000a9ce  _SetCap3Mode                    
0     0000a9fc  _SetCap4Mode                    
1     0000c14d  _Speed                          
1     0000c146  _Speedset                       
1     00007040  _SpiaRegs                       
1     0000c184  _SumTime                        
1     0000c17c  _Sumdcc                         
1     0000c17e  _Sumdcv                         
1     00007010  _SysCtrlRegs                    
1     0000c16c  _T1                             
1     0000c16e  _T2                             
1     0000c178  _T3                             
1     0000c17a  _T4                             
0     0000a571  _TINT0_ISR                      
1     0000c186  _Time                           
0     0000a521  _USER10_ISR                     
0     0000a52b  _USER11_ISR                     
0     0000a535  _USER12_ISR                     
0     0000a4c7  _USER1_ISR                      
0     0000a4d1  _USER2_ISR                      
0     0000a4db  _USER3_ISR                      
0     0000a4e5  _USER4_ISR                      
0     0000a4ef  _USER5_ISR                      
0     0000a4f9  _USER6_ISR                      
0     0000a503  _USER7_ISR                      
0     0000a50d  _USER8_ISR                      
0     0000a517  _USER9_ISR                      
0     0000a57b  _WAKEINT_ISR                    
0     0000a806  _Write_data                     
0     0000a7e0  _Write_order                    
0     0000a553  _XINT1_ISR                      
0     0000a55d  _XINT2_ISR                      
0     0000a73d  _XINT3_ISR                      
0     0000a747  _XINT4_ISR                      
0     0000a751  _XINT5_ISR                      
0     0000a75b  _XINT6_ISR                      
0     0000a765  _XINT7_ISR                      
1     00007070  _XIntruptRegs                   
1     00000b20  _XintfRegs                      
1     000007e8  __STACK_END                     
abs   000003e8  __STACK_SIZE                    
1     0000c1bc  ___TI_cleanup_ptr               
1     0000c1be  ___TI_dtors_ptr                 
1     0000c1ba  ___TI_enable_exit_profile_output
abs   ffffffff  ___TI_pprof_out_hndl            
abs   ffffffff  ___TI_prof_data_size            
abs   ffffffff  ___TI_prof_data_start           
abs   ffffffff  ___binit__                      
abs   ffffffff  ___c_args__                     
0     0000ae28  ___cinit__                      
0     0000ae28  ___etext__                      
abs   ffffffff  ___pinit__                      
0     00008000  ___text__                       
0     0000adfb  __args_main                     
1     0000c13e  __lock                          
0     0000ae1c  __nop                           
0     0000ae18  __register_lock                 
0     0000ae14  __register_unlock               
1     00000400  __stack                         
0     0000ae27  __system_post_cinit             
0     0000ae25  __system_pre_init               
1     0000c1d2  __unlock                        
0     0000ad49  _abort                          
1     0000c1a6  _b0                             
1     0000c196  _b1                             
1     0000c198  _b2                             
1     0000c19a  _b3                             
0     0000acf3  _c_int00                        
0     0000a842  _configio                       
1     0000c182  _cong1                          
0     0000ad9a  _copy_in                        
1     0000c180  _count                          
1     0000c157  _d                              
1     0000c142  _dcccount                       
1     0000c141  _dccurent                       
1     0000c151  _dcvcount                       
1     0000c144  _dcvoltage                      
0     0000a82c  _delay                          
1     0000c140  _direction_control              
0     0000a874  _display                        
1     0000c14a  _du                             
1     0000c18e  _duk                            
1     0000c1a4  _e                              
1     0000c147  _ek                             
1     0000c148  _ek1                            
1     0000c149  _ek2                            
0     0000ad4b  _exit                           
1     0000c154  _h1                             
1     0000c155  _h2                             
1     0000c156  _h3                             
1     0000c150  _i                              
1     0000c14b  _j                              
1     0000c14c  _k                              
1     0000c18c  _kd                             
0     000080eb  _key_change_direction           
0     000080cb  _key_init                       
1     0000c18a  _ki                             
1     0000c188  _kp                             
1     0000c14e  _l                              
0     00008000  _main                           
0     0000adde  _memcpy                         
1     0000c12c  _menu1                          
1     0000c135  _menu3                          
1     0000c1b0  _menu4                          
1     0000c1c0  _menu5                          
1     0000c1c9  _menu6                          
1     0000c14f  _nn                             
0     0000928f  _pidcontrol                     
1     0000c145  _pwm                            
0     0000a79a  _rsvd_ISR                       
0     00008084  _show                           
1     0000c160  _start_flag                     
0     00008183  _startmotor                     
1     0000c19c  _t                              
1     0000c164  _t1                             
1     0000c166  _t2                             
1     0000c168  _t3                             
1     0000c16a  _t4                             
1     0000c170  _t5                             
1     0000c172  _t6                             
1     0000c174  _t7                             
1     0000c176  _t8                             
1     0000c15e  _td                             
1     0000c15f  _two_three_charge               
1     0000c1ac  _u0                             
1     0000c1a8  _u1                             
1     0000c1aa  _u2                             
1     0000c1ae  _u3                             
1     0000c158  _v1                             
1     0000c159  _v2                             
1     0000c15a  _v3                             
1     0000c15b  _v4                             
1     0000c15c  _v5                             
1     0000c15d  _v6                             
1     0000c192  _wc                             
1     0000c194  _wo                             
1     0000c153  _yy                             
1     0000c19e  _z1                             
1     0000c1a0  _z2                             
1     0000c1a2  _z3                             
abs   ffffffff  binit                           
0     0000ae28  cinit                           
0     00000000  code_start                      
0     0000ae28  etext                           
abs   ffffffff  pinit                           


GLOBAL SYMBOLS: SORTED BY Symbol Address 

page  address   name                            
----  -------   ----                            
0     00000000  code_start                      
0     00008000  .text                           
0     00008000  ___text__                       
0     00008000  _main                           
0     00008084  _show                           
0     000080cb  _key_init                       
0     000080eb  _key_change_direction           
0     00008183  _startmotor                     
0     0000928f  _pidcontrol                     
0     000092ff  _ISRTimer0                      
0     00009321  _ISRCap1                        
0     0000a45b  _ISRCap2                        
0     0000a481  _INT13_ISR                      
0     0000a48b  _INT14_ISR                      
0     0000a495  _DATALOG_ISR                    
0     0000a49f  _RTOSINT_ISR                    
0     0000a4a9  _EMUINT_ISR                     
0     0000a4b3  _NMI_ISR                        
0     0000a4bd  _ILLEGAL_ISR                    
0     0000a4c7  _USER1_ISR                      
0     0000a4d1  _USER2_ISR                      
0     0000a4db  _USER3_ISR                      
0     0000a4e5  _USER4_ISR                      
0     0000a4ef  _USER5_ISR                      
0     0000a4f9  _USER6_ISR                      
0     0000a503  _USER7_ISR                      
0     0000a50d  _USER8_ISR                      
0     0000a517  _USER9_ISR                      
0     0000a521  _USER10_ISR                     
0     0000a52b  _USER11_ISR                     
0     0000a535  _USER12_ISR                     
0     0000a53f  _SEQ1INT_ISR                    
0     0000a549  _SEQ2INT_ISR                    
0     0000a553  _XINT1_ISR                      
0     0000a55d  _XINT2_ISR                      
0     0000a567  _ADCINT_ISR                     
0     0000a571  _TINT0_ISR                      
0     0000a57b  _WAKEINT_ISR                    
0     0000a585  _EPWM1_TZINT_ISR                
0     0000a58f  _EPWM2_TZINT_ISR                
0     0000a599  _EPWM3_TZINT_ISR                
0     0000a5a3  _EPWM4_TZINT_ISR                
0     0000a5ad  _EPWM5_TZINT_ISR                
0     0000a5b7  _EPWM6_TZINT_ISR                
0     0000a5c1  _EPWM1_INT_ISR                  
0     0000a5cb  _EPWM2_INT_ISR                  
0     0000a5d5  _EPWM3_INT_ISR                  
0     0000a5df  _EPWM4_INT_ISR                  
0     0000a5e9  _EPWM5_INT_ISR                  
0     0000a5f3  _EPWM6_INT_ISR                  
0     0000a5fd  _ECAP1_INT_ISR                  
0     0000a607  _ECAP2_INT_ISR                  
0     0000a611  _ECAP3_INT_ISR                  
0     0000a61b  _ECAP4_INT_ISR                  
0     0000a625  _ECAP5_INT_ISR                  
0     0000a62f  _ECAP6_INT_ISR                  
0     0000a639  _EQEP1_INT_ISR                  
0     0000a643  _EQEP2_INT_ISR                  
0     0000a64d  _SPIRXINTA_ISR                  
0     0000a657  _SPITXINTA_ISR                  
0     0000a661  _MRINTB_ISR                     
0     0000a66b  _MXINTB_ISR                     
0     0000a675  _MRINTA_ISR                     
0     0000a67f  _MXINTA_ISR                     
0     0000a689  _DINTCH1_ISR                    
0     0000a693  _DINTCH2_ISR                    
0     0000a69d  _DINTCH3_ISR                    
0     0000a6a7  _DINTCH4_ISR                    
0     0000a6b1  _DINTCH5_ISR                    
0     0000a6bb  _DINTCH6_ISR                    
0     0000a6c5  _I2CINT1A_ISR                   
0     0000a6cf  _I2CINT2A_ISR                   
0     0000a6d9  _SCIRXINTC_ISR                  
0     0000a6e3  _SCITXINTC_ISR                  
0     0000a6ed  _SCIRXINTA_ISR                  
0     0000a6f7  _SCITXINTA_ISR                  
0     0000a701  _SCIRXINTB_ISR                  
0     0000a70b  _SCITXINTB_ISR                  
0     0000a715  _ECAN0INTA_ISR                  
0     0000a71f  _ECAN1INTA_ISR                  
0     0000a729  _ECAN0INTB_ISR                  
0     0000a733  _ECAN1INTB_ISR                  
0     0000a73d  _XINT3_ISR                      
0     0000a747  _XINT4_ISR                      
0     0000a751  _XINT5_ISR                      
0     0000a75b  _XINT6_ISR                      
0     0000a765  _XINT7_ISR                      
0     0000a76f  _LVF_ISR                        
0     0000a779  _LUF_ISR                        
0     0000a783  _EMPTY_ISR                      
0     0000a790  _PIE_RESERVED                   
0     0000a79a  _rsvd_ISR                       
0     0000a7a4  _LCD_DATA                       
0     0000a7c3  _LCDInit                        
0     0000a7e0  _Write_order                    
0     0000a806  _Write_data                     
0     0000a82c  _delay                          
0     0000a842  _configio                       
0     0000a874  _display                        
0     0000a885  _DisDec                         
0     0000a8f3  _InitCapl                       
0     0000a906  _ChoseCap                       
0     0000a911  _InitECapGpio                   
0     0000a91e  _InitECap1Gpio                  
0     0000a92c  _InitECap2Gpio                  
0     0000a93a  _InitECap3Gpio                  
0     0000a948  _InitECap4Gpio                  
0     0000a956  _InitECap5Gpio                  
0     0000a964  _InitECap6Gpio                  
0     0000a972  _SetCap1Mode                    
0     0000a9a0  _SetCap2Mode                    
0     0000a9ce  _SetCap3Mode                    
0     0000a9fc  _SetCap4Mode                    
0     0000aa2a  _EPwmSetup                      
0     0000ab27  _InitSysCtrl                    
0     0000ab30  _ServiceDog                     
0     0000ab3a  _DisableDog                     
0     0000ab42  _InitPll                        
0     0000ab93  _InitPeripheralClocks           
0     0000abee  _CsmUnlock                      
0     0000ac1f  _InitCpuTimers                  
0     0000ac60  _ConfigCpuTimer                 
0     0000ac9a  _InitEPwm                       
0     0000ac9b  _InitEPwmGpio                   
0     0000aca8  _InitEPwm1Gpio                  
0     0000acba  _InitEPwm2Gpio                  
0     0000accc  _InitEPwm3Gpio                  
0     0000ace0  _InitEPwm4Gpio                  
0     0000ace4  _InitEPwm5Gpio                  
0     0000ace8  _InitEPwm6Gpio                  
0     0000acec  _InitEPwmSyncGpio               
0     0000acef  _InitTzGpio                     
0     0000acf3  _c_int00                        
0     0000ad49  C$$EXIT                         
0     0000ad49  _abort                          
0     0000ad4b  _exit                           
0     0000ad72  _InitPieCtrl                    
0     0000ad91  _EnableInterrupts               
0     0000ad9a  _copy_in                        
0     0000adbe  _InitPieVectTable               
0     0000adde  _memcpy                         
0     0000adfb  __args_main                     
0     0000ae14  __register_unlock               
0     0000ae18  __register_lock                 
0     0000ae1c  __nop                           
0     0000ae25  __system_pre_init               
0     0000ae27  __system_post_cinit             
0     0000ae28  ___cinit__                      
0     0000ae28  ___etext__                      
0     0000ae28  cinit                           
0     0000ae28  etext                           
0     0000af57  _DSP28x_usDelay                 
0     00380080  _ADC_cal                        
1     00000400  __stack                         
1     000007e8  __STACK_END                     
1     00000880  _DevEmuRegs                     
1     00000a80  _FlashRegs                      
1     00000ae0  _CsmRegs                        
1     00000b00  _AdcMirror                      
1     00000b20  _XintfRegs                      
1     00000c00  _CpuTimer0Regs                  
1     00000c08  _CpuTimer1Regs                  
1     00000c10  _CpuTimer2Regs                  
1     00000ce0  _PieCtrlRegs                    
1     00000d00  _PieVectTable                   
1     00001000  _DmaRegs                        
1     00005000  _McbspaRegs                     
1     00005040  _McbspbRegs                     
1     00006000  _ECanaRegs                      
1     00006040  _ECanaLAMRegs                   
1     00006080  _ECanaMOTSRegs                  
1     000060c0  _ECanaMOTORegs                  
1     00006100  _ECanaMboxes                    
1     00006200  _ECanbRegs                      
1     00006240  _ECanbLAMRegs                   
1     00006280  _ECanbMOTSRegs                  
1     000062c0  _ECanbMOTORegs                  
1     00006300  _ECanbMboxes                    
1     00006800  _EPwm1Regs                      
1     00006840  _EPwm2Regs                      
1     00006880  _EPwm3Regs                      
1     000068c0  _EPwm4Regs                      
1     00006900  _EPwm5Regs                      
1     00006940  _EPwm6Regs                      
1     00006a00  _ECap1Regs                      
1     00006a20  _ECap2Regs                      
1     00006a40  _ECap3Regs                      
1     00006a60  _ECap4Regs                      
1     00006a80  _ECap5Regs                      
1     00006aa0  _ECap6Regs                      
1     00006b00  _EQep1Regs                      
1     00006b40  _EQep2Regs                      
1     00006f80  _GpioCtrlRegs                   
1     00006fc0  _GpioDataRegs                   
1     00006fe0  _GpioIntRegs                    
1     00007010  _SysCtrlRegs                    
1     00007040  _SpiaRegs                       
1     00007050  _SciaRegs                       
1     00007070  _XIntruptRegs                   
1     00007100  _AdcRegs                        
1     00007750  _ScibRegs                       
1     00007770  _ScicRegs                       
1     00007900  _I2caRegs                       
1     0000c000  _PieVectTableInit               
1     0000c114  _CpuTimer0                      
1     0000c11c  _CpuTimer1                      
1     0000c124  _CpuTimer2                      
1     0000c12c  _menu1                          
1     0000c135  _menu3                          
1     0000c13e  __lock                          
1     0000c140  _direction_control              
1     0000c141  _dccurent                       
1     0000c142  _dcccount                       
1     0000c143  _Averagedcc                     
1     0000c144  _dcvoltage                      
1     0000c145  _pwm                            
1     0000c146  _Speedset                       
1     0000c147  _ek                             
1     0000c148  _ek1                            
1     0000c149  _ek2                            
1     0000c14a  _du                             
1     0000c14b  _j                              
1     0000c14c  _k                              
1     0000c14d  _Speed                          
1     0000c14e  _l                              
1     0000c14f  _nn                             
1     0000c150  _i                              
1     0000c151  _dcvcount                       
1     0000c152  _Averagedcv                     
1     0000c153  _yy                             
1     0000c154  _h1                             
1     0000c155  _h2                             
1     0000c156  _h3                             
1     0000c157  _d                              
1     0000c158  _v1                             
1     0000c159  _v2                             
1     0000c15a  _v3                             
1     0000c15b  _v4                             
1     0000c15c  _v5                             
1     0000c15d  _v6                             
1     0000c15e  _td                             
1     0000c15f  _two_three_charge               
1     0000c160  _start_flag                     
1     0000c162  _ExRamStart                     
1     0000c164  _t1                             
1     0000c166  _t2                             
1     0000c168  _t3                             
1     0000c16a  _t4                             
1     0000c16c  _T1                             
1     0000c16e  _T2                             
1     0000c170  _t5                             
1     0000c172  _t6                             
1     0000c174  _t7                             
1     0000c176  _t8                             
1     0000c178  _T3                             
1     0000c17a  _T4                             
1     0000c17c  _Sumdcc                         
1     0000c17e  _Sumdcv                         
1     0000c180  _count                          
1     0000c182  _cong1                          
1     0000c184  _SumTime                        
1     0000c186  _Time                           
1     0000c188  _kp                             
1     0000c18a  _ki                             
1     0000c18c  _kd                             
1     0000c18e  _duk                            
1     0000c190  _SUM                            
1     0000c192  _wc                             
1     0000c194  _wo                             
1     0000c196  _b1                             
1     0000c198  _b2                             
1     0000c19a  _b3                             
1     0000c19c  _t                              
1     0000c19e  _z1                             
1     0000c1a0  _z2                             
1     0000c1a2  _z3                             
1     0000c1a4  _e                              
1     0000c1a6  _b0                             
1     0000c1a8  _u1                             
1     0000c1aa  _u2                             
1     0000c1ac  _u0                             
1     0000c1ae  _u3                             
1     0000c1b0  _menu4                          
1     0000c1ba  ___TI_enable_exit_profile_output
1     0000c1bc  ___TI_cleanup_ptr               
1     0000c1be  ___TI_dtors_ptr                 
1     0000c1c0  _menu5                          
1     0000c1c9  _menu6                          
1     0000c1d2  __unlock                        
1     0033fff8  _CsmPwl                         
abs   000003e8  __STACK_SIZE                    
abs   ffffffff  ___TI_pprof_out_hndl            
abs   ffffffff  ___TI_prof_data_size            
abs   ffffffff  ___TI_prof_data_start           
abs   ffffffff  ___binit__                      
abs   ffffffff  ___c_args__                     
abs   ffffffff  ___pinit__                      
abs   ffffffff  binit                           
abs   ffffffff  pinit                           

[299 symbols]
